Traceback (most recent call last):
  File "C:\my_games\excel_cal\schedule.py", line 821, in _on_add_clicked
    self._run_async("스케쥴 추가", job, done)
  File "C:\my_games\excel_cal\schedule.py", line 1007, in _run_async
    run_job_with_progress_async(
  File "C:\my_games\excel_cal\schedule.py", line 1043, in run_job_with_progress_async
    on_progress_ui, finalize_ui, dlg = _mk_progress(owner, title, tail_file=tail_file)  # type: ignore
NameError: name '_mk_progress' is not defined

Traceback (most recent call last):
  File "C:\my_games\excel_cal\main.py", line 25, in <module>
    main()
  File "C:\my_games\excel_cal\main.py", line 21, in main
    excel_ui.main()  # excel_ui.py에 이미 main()이 존재함 :contentReference[oaicite:1]{index=1}
  File "C:\my_games\excel_cal\excel_ui.py", line 353, in main
    win = MainTabbedWindow()
  File "C:\my_games\excel_cal\excel_ui.py", line 194, in __init__
    tabbar.setElideMode(QtCore.Qt.ElideNone)      # "..." 생략 금지
NameError: name 'QtCore' is not defined

Traceback (most recent call last):
  File "C:\my_games\excel_cal\main.py", line 25, in <module>
    main()
  File "C:\my_games\excel_cal\main.py", line 21, in main
    excel_ui.main()  # excel_ui.py에 이미 main()이 존재함 :contentReference[oaicite:1]{index=1}
  File "C:\my_games\excel_cal\excel_ui.py", line 408, in main
    win = MainTabbedWindow()
  File "C:\my_games\excel_cal\excel_ui.py", line 225, in __init__
    fix_tabbar_cutoff_all(tabs)
  File "C:\my_games\excel_cal\excel_ui.py", line 383, in fix_tabbar_cutoff_all
    tabbar.setTabMinimumWidth(i, w)
AttributeError: 'QTabBar' object has no attribute 'setTabMinimumWidth'

Traceback (most recent call last):
  File "C:\my_games\excel_cal\main.py", line 25, in <module>
    main()
  File "C:\my_games\excel_cal\main.py", line 21, in main
    excel_ui.main()  # excel_ui.py에 이미 main()이 존재함 :contentReference[oaicite:1]{index=1}
  File "C:\my_games\excel_cal\excel_ui.py", line 408, in main
    win = MainTabbedWindow()
  File "C:\my_games\excel_cal\excel_ui.py", line 225, in __init__
    fix_tabbar_cutoff_all(tabs)
  File "C:\my_games\excel_cal\excel_ui.py", line 383, in fix_tabbar_cutoff_all
    tabbar.setTabMinimumWidth(i, w)
AttributeError: 'QTabBar' object has no attribute 'setTabMinimumWidth'


================================================================================
[2025-12-21 03:17:17] sys.excepthook
Traceback (most recent call last):
  File "C:\my_games\excel_cal\main.py", line 25, in <module>
    main()
  File "C:\my_games\excel_cal\main.py", line 21, in main
    excel_ui.main()  # excel_ui.py에 이미 main()이 존재함 :contentReference[oaicite:1]{index=1}
  File "C:\my_games\excel_cal\excel_ui.py", line 536, in main
    win = MainTabbedWindow()
  File "C:\my_games\excel_cal\excel_ui.py", line 226, in __init__
    fix_tabbar_stable_size(tabs)
  File "C:\my_games\excel_cal\excel_ui.py", line 446, in fix_tabbar_stable_size
    tabbar.setTabMinimumWidth(i, w)
AttributeError: 'QTabBar' object has no attribute 'setTabMinimumWidth'


--------------------------------------------------------------------------------
[2025-12-21 18:40:00] QtMessage: Could not parse application stylesheet

================================================================================
[2025-12-21 22:52:03] sys.excepthook
Traceback (most recent call last):
  File "C:\my_games\excel_cal\main.py", line 25, in <module>
    main()
  File "C:\my_games\excel_cal\main.py", line 21, in main
    excel_ui.main()  # excel_ui.py에 이미 main()이 존재함 :contentReference[oaicite:1]{index=1}
  File "C:\my_games\excel_cal\excel_ui.py", line 497, in main
    win = MainTabbedWindow()
  File "C:\my_games\excel_cal\excel_ui.py", line 220, in __init__
    self.schedule_widget = ScheduleWidget(self)
  File "C:\my_games\excel_cal\schedule.py", line 799, in __init__
    self._calibrate_calendar_delta()
AttributeError: 'ScheduleWidget' object has no attribute '_calibrate_calendar_delta'

